src/components/ResourceList/ResourceList.test.tsx(70,14): error TS2345: Argument of type 'Element' is not assignable to parameter of type 'HTMLElement'.
  Type 'Element' is missing the following properties from type 'HTMLElement': accessKey, accessKeyLabel, autocapitalize, autocorrect, and 129 more.
src/components/ResourceList/ResourceList.test.tsx(74,14): error TS2345: Argument of type 'Element' is not assignable to parameter of type 'HTMLElement'.
  Type 'Element' is missing the following properties from type 'HTMLElement': accessKey, accessKeyLabel, autocapitalize, autocorrect, and 129 more.
src/components/ResourceList/ResourceList.test.tsx(88,14): error TS2345: Argument of type 'Element' is not assignable to parameter of type 'HTMLElement'.
  Type 'Element' is missing the following properties from type 'HTMLElement': accessKey, accessKeyLabel, autocapitalize, autocorrect, and 129 more.
src/components/ResourceList/index.tsx(55,28): error TS2322: Type '{ children: Element; asChild: true; }' is not assignable to type 'IntrinsicAttributes & ClassAttributes<HTMLDivElement> & HTMLAttributes<HTMLDivElement>'.
  Property 'asChild' does not exist on type 'IntrinsicAttributes & ClassAttributes<HTMLDivElement> & HTMLAttributes<HTMLDivElement>'.
src/components/SubmissionForm.tsx(10,15): error TS6196: 'Resource' is declared but never used.
src/components/SubmissionForm.tsx(85,5): error TS2719: Type 'import("/home/jd/Projects/compass/node_modules/.pnpm/react-hook-form@7.74.0_react@19.2.3/node_modules/react-hook-form/dist/types/resolvers").Resolver<{ name: string; category: "playgroup" | "support-group" | "event" | "volunteering" | "library" | "other"; audiences: ("expectant-parents" | "babies" | "toddlers" | "pr...' is not assignable to type 'import("/home/jd/Projects/compass/node_modules/.pnpm/react-hook-form@7.74.0_react@19.2.3/node_modules/react-hook-form/dist/types/resolvers").Resolver<{ name: string; category: "playgroup" | "support-group" | "event" | "volunteering" | "library" | "other"; audiences: ("expectant-parents" | "babies" | "toddlers" | "pr...'. Two different types with this name exist, but they are unrelated.
  Types of parameters 'options' and 'options' are incompatible.
    Type 'import("/home/jd/Projects/compass/node_modules/.pnpm/react-hook-form@7.74.0_react@19.2.3/node_modules/react-hook-form/dist/types/resolvers").ResolverOptions<{ name: string; category: "playgroup" | "support-group" | "event" | "volunteering" | "library" | "other"; audiences: ("expectant-parents" | "babies" | "toddlers...' is not assignable to type 'import("/home/jd/Projects/compass/node_modules/.pnpm/react-hook-form@7.74.0_react@19.2.3/node_modules/react-hook-form/dist/types/resolvers").ResolverOptions<{ name: string; category: "playgroup" | "support-group" | "event" | "volunteering" | "library" | "other"; audiences: ("expectant-parents" | "babies" | "toddlers...'. Two different types with this name exist, but they are unrelated.
      Type 'boolean | undefined' is not assignable to type 'boolean'.
        Type 'undefined' is not assignable to type 'boolean'.
src/components/SubmissionForm.tsx(85,27): error TS2769: No overload matches this call.
  Overload 1 of 4, '(schema: Zod3Type<{ name: string; category: "playgroup" | "support-group" | "event" | "volunteering" | "library" | "other"; audiences: ("expectant-parents" | "babies" | "toddlers" | "pre-schoolers" | "all-ages" | "parents-carers")[]; ... 8 more ...; notes?: string | undefined; }, { ...; }>, schemaOptions?: ParseParams | undefined, resolverOptions?: NonRawResolverOptions | undefined): Resolver<...>', gave the following error.
    Argument of type 'ZodObject<{ name: ZodString; description: ZodOptional<ZodString>; category: ZodEnum<{ playgroup: "playgroup"; "support-group": "support-group"; event: "event"; volunteering: "volunteering"; library: "library"; other: "other"; }>; ... 8 more ...; notes: ZodOptional<...>; }, $strip>' is not assignable to parameter of type 'Zod3Type<{ name: string; category: "playgroup" | "support-group" | "event" | "volunteering" | "library" | "other"; audiences: ("expectant-parents" | "babies" | "toddlers" | "pre-schoolers" | "all-ages" | "parents-carers")[]; ... 8 more ...; notes?: string | undefined; }, { ...; }>'.
      Types of property '_def' are incompatible.
        Property 'typeName' is missing in type '$ZodObjectDef<{ name: ZodString; description: ZodOptional<ZodString>; category: ZodEnum<{ playgroup: "playgroup"; "support-group": "support-group"; event: "event"; volunteering: "volunteering"; library: "library"; other: "other"; }>; ... 8 more ...; notes: ZodOptional<...>; }>' but required in type '{ typeName: string; }'.
  Overload 2 of 4, '(schema: $ZodType<unknown, FieldValues, $ZodTypeInternals<unknown, FieldValues>>, schemaOptions?: ParseContext<$ZodIssue> | undefined, resolverOptions?: NonRawResolverOptions | undefined): Resolver<...>', gave the following error.
    Argument of type 'ZodObject<{ name: ZodString; description: ZodOptional<ZodString>; category: ZodEnum<{ playgroup: "playgroup"; "support-group": "support-group"; event: "event"; volunteering: "volunteering"; library: "library"; other: "other"; }>; ... 8 more ...; notes: ZodOptional<...>; }, $strip>' is not assignable to parameter of type '$ZodType<unknown, FieldValues, $ZodTypeInternals<unknown, FieldValues>>'.
      The types of '_zod.version.minor' are incompatible between these types.
        Type '3' is not assignable to type '0'.
src/components/SubmissionForm.tsx(108,26): error TS2345: Argument of type 'string' is not assignable to parameter of type '"expectant-parents" | "babies" | "toddlers" | "pre-schoolers" | "all-ages" | "parents-carers"'.
src/components/SubmissionForm.tsx(111,30): error TS2322: Type 'string' is not assignable to type '"expectant-parents" | "babies" | "toddlers" | "pre-schoolers" | "all-ages" | "parents-carers"'.
src/components/SubmissionForm.tsx(111,42): error TS2322: Type 'string' is not assignable to type '"expectant-parents" | "babies" | "toddlers" | "pre-schoolers" | "all-ages" | "parents-carers"'.
src/components/SubmissionForm.tsx(148,34): error TS2345: Argument of type '(data: FormValues) => Promise<void>' is not assignable to parameter of type 'SubmitHandler<TFieldValues>'.
  Types of parameters 'data' and 'data' are incompatible.
    Type 'TFieldValues' is not assignable to type '{ name: string; category: "playgroup" | "support-group" | "event" | "volunteering" | "library" | "other"; audiences: ("expectant-parents" | "babies" | "toddlers" | "pre-schoolers" | "all-ages" | "parents-carers")[]; ... 8 more ...; notes?: string | undefined; }'.
      Type 'FieldValues' is missing the following properties from type '{ name: string; category: "playgroup" | "support-group" | "event" | "volunteering" | "library" | "other"; audiences: ("expectant-parents" | "babies" | "toddlers" | "pre-schoolers" | "all-ages" | "parents-carers")[]; ... 8 more ...; notes?: string | undefined; }': name, category, audiences, location, and 3 more.
src/components/SubmissionForm.tsx(342,85): error TS2345: Argument of type 'string' is not assignable to parameter of type '"Monday" | "Tuesday" | "Wednesday" | "Thursday" | "Friday" | "Saturday" | "Sunday"'.
src/routes/demo/start.server-funcs.tsx(76,24): error TS7006: Parameter 't' implicitly has an 'any' type.
src/routes/demo/start.ssr.spa-mode.tsx(13,5): error TS2345: Argument of type '[]' is not assignable to parameter of type '[{ id: 1; name: "Teenage Dirtbag"; artist: "Wheatus"; }, { id: 2; name: "Smells Like Teen Spirit"; artist: "Nirvana"; }, { id: 3; name: "The Middle"; artist: "Jimmy Eat World"; }, { id: 4; name: "My Own Worst Enemy"; artist: "Lit"; }, { ...; }, { ...; }, { ...; }] | (() => [...])'.
  Type '[]' is not assignable to type '() => [{ id: 1; name: "Teenage Dirtbag"; artist: "Wheatus"; }, { id: 2; name: "Smells Like Teen Spirit"; artist: "Nirvana"; }, { id: 3; name: "The Middle"; artist: "Jimmy Eat World"; }, { id: 4; name: "My Own Worst Enemy"; artist: "Lit"; }, { ...; }, { ...; }, { ...; }]'.
    Type '[]' provides no match for the signature '(): [{ id: 1; name: "Teenage Dirtbag"; artist: "Wheatus"; }, { id: 2; name: "Smells Like Teen Spirit"; artist: "Nirvana"; }, { id: 3; name: "The Middle"; artist: "Jimmy Eat World"; }, { id: 4; name: "My Own Worst Enemy"; artist: "Lit"; }, { ...; }, { ...; }, { ...; }]'.
